SLURM job id: 21113
SLURM array task id: 6
Host: gpgpu02.hpc.local
Project root: /home/hpc/users/viktor.najdovski/distributed-nuts
Run root: /home/hpc/users/viktor.najdovski/abnuts_runs/21070
Image: /home/hpc/users/viktor.najdovski/distributed-nuts/images/abnuts.sif
Task: stochastic_volatility
Config: /home/hpc/users/viktor.najdovski/distributed-nuts/configs/stochastic_volatility.yaml
Profile: full
Backend: gpu
Output directory: /home/hpc/users/viktor.najdovski/abnuts_runs/21070/raw/stochastic_volatility/full
Log files: /home/hpc/users/viktor.najdovski/distributed-nuts/logs/abnuts-bench-sweep-21070_6.out and /home/hpc/users/viktor.najdovski/distributed-nuts/logs/abnuts-bench-sweep-21070_6.err
SLURM time limit: 1-00:00:00; remaining at launch: 1-00:00:00
Walltime guard cushion: 600s
Walltime guard mode: auto from SLURM remaining time
Thu May 28 01:26:29 2026       
+-----------------------------------------------------------------------------------------+
| NVIDIA-SMI 560.35.05              Driver Version: 560.35.05      CUDA Version: 12.6     |
|-----------------------------------------+------------------------+----------------------+
| GPU  Name                 Persistence-M | Bus-Id          Disp.A | Volatile Uncorr. ECC |
| Fan  Temp   Perf          Pwr:Usage/Cap |           Memory-Usage | GPU-Util  Compute M. |
|                                         |                        |               MIG M. |
|=========================================+========================+======================|
|   0  NVIDIA A100-SXM4-80GB          Off |   00000000:01:00.0 Off |                   On |
| N/A   39C    P0             86W /  500W |       1MiB /  81920MiB |     N/A      Default |
|                                         |                        |              Enabled |
+-----------------------------------------+------------------------+----------------------+
|   1  NVIDIA A100-SXM4-80GB          Off |   00000000:41:00.0 Off |                   On |
| N/A   36C    P0             86W /  500W |       1MiB /  81920MiB |     N/A      Default |
|                                         |                        |              Enabled |
+-----------------------------------------+------------------------+----------------------+
|   2  NVIDIA A100-SXM4-80GB          Off |   00000000:81:00.0 Off |                   On |
| N/A   39C    P0             89W /  500W |       1MiB /  81920MiB |     N/A      Default |
|                                         |                        |              Enabled |
+-----------------------------------------+------------------------+----------------------+
|   3  NVIDIA A100-SXM4-80GB          Off |   00000000:C1:00.0 Off |                   On |
| N/A   36C    P0             87W /  500W |       1MiB /  81920MiB |     N/A      Default |
|                                         |                        |              Enabled |
+-----------------------------------------+------------------------+----------------------+

+-----------------------------------------------------------------------------------------+
| MIG devices:                                                                            |
+------------------+----------------------------------+-----------+-----------------------+
| GPU  GI  CI  MIG |                     Memory-Usage |        Vol|        Shared         |
|      ID  ID  Dev |                       BAR1-Usage | SM     Unc| CE ENC  DEC  OFA  JPG |
|                  |                                  |        ECC|                       |
|==================+==================================+===========+=======================|
|  0    0   0   0  |               1MiB / 81156MiB    | 98      0 |  7   0    5    1    1 |
|                  |                 1MiB / 131072MiB |           |                       |
+------------------+----------------------------------+-----------+-----------------------+
|  1    0   0   0  |               1MiB / 81156MiB    | 98      0 |  7   0    5    1    1 |
|                  |                 1MiB / 131072MiB |           |                       |
+------------------+----------------------------------+-----------+-----------------------+
|  2    0   0   0  |               1MiB / 81156MiB    | 98      0 |  7   0    5    1    1 |
|                  |                 1MiB / 131072MiB |           |                       |
+------------------+----------------------------------+-----------+-----------------------+
|  3    0   0   0  |               1MiB / 81156MiB    | 98      0 |  7   0    5    1    1 |
|                  |                 1MiB / 131072MiB |           |                       |
+------------------+----------------------------------+-----------+-----------------------+
                                                                                         
+-----------------------------------------------------------------------------------------+
| Processes:                                                                              |
|  GPU   GI   CI        PID   Type   Process name                              GPU Memory |
|        ID   ID                                                               Usage      |
|=========================================================================================|
|  No running processes found                                                             |
+-----------------------------------------------------------------------------------------+
Running with local walltime guard: timeout=85798s kill_after=120s
Wrote benchmark summary: /runs/raw/stochastic_volatility/full/summary.csv
